// Jest Snapshot v1, https://goo.gl/fbAQLP

exports[`should render ExpensesSummary correctly with a count different than 1 1`] = `
<React.Fragment>
  <h3>
    Viewing 
    1
     
    expense
     totalling 
    $3.00
  </h3>
</React.Fragment>
`;

exports[`should render ExpensesSummary correctly with a count of 1 1`] = `
<React.Fragment>
  <h3>
    Viewing 
    1
     
    expense
     totalling 
    $3.00
  </h3>
</React.Fragment>
`;
